Assignment y = x not used in line 3
Assignment x = 2 not used in line 7
