Assignment x = (x + 1) not used in line 3
Assignment y = z not used in line 5
