Assignment y = 4 not used in line 4
Assignment z = x not used in line 7
Assignment y = 10 not used in line 10
